// Jest Snapshot v1, https://goo.gl/fbAQLP

exports[`components New matches snapshot 1`] = `
<new
  args={
    Array [
      5,
      "bar",
    ]
  }
  foo={2}
  object={[Function]}
/>
`;

exports[`components Primitive matches snapshot 1`] = `
<primitive
  a={30}
  object={
    Object {
      "a": 10,
      "b": 20,
    }
  }
/>
`;

exports[`components mesh example matches snapshot 1`] = `
<mesh
  onClick={[Function]}
  onPointerOut={[Function]}
  onPointerOver={[Function]}
  onUpdate={[Function]}
>
  <boxBufferGeometry
    args={
      Array [
        1,
        1,
        1,
      ]
    }
    attach="geometry"
  />
  <meshNormalMaterial
    attach="material"
  />
</mesh>
`;
